
SCAMSHIELD HONEYPOT - BACKEND VERIFICATION TEST
============================================================
============================================================
TESTING INTELLIGENCE EXTRACTION
============================================================

[TEST] Phone number extraction
   Input: Your KYC is expiring. Call +91-9876543210 to update.
   [PASS] Phones: 1 (expected 1)
       -> +919876543210
   [PASS] Bank Accounts: 0 (expected 0)

[TEST] 16-digit bank account
   Input: Transfer money to account number 1234567890123456
   [FAIL] Phones: 1 (expected 0)
       -> +917890123456
   [FAIL] Bank Accounts: 0 (expected 1)

[TEST] Bank account with context
   Input: Send to A/C: 12345678901234
   [PASS] Phones: 0 (expected 0)
   [PASS] Bank Accounts: 1 (expected 1)
       -> 12345678901234

[TEST] UPI extraction
   Input: Pay to fraudster@ybl or scammer@paytm
   [PASS] Phones: 0 (expected 0)
   [PASS] UPI IDs: 2 (expected 2)
       -> fraudster@ybl
       -> scammer@paytm

[TEST] Mixed entities
   Input: Call 9876543210, pay to user@ybl, or transfer to A/C 12345678901234567
   [FAIL] Phones: 2 (expected 1)
       -> +919876543210
       -> +918901234567
   [FAIL] Bank Accounts: 0 (expected 1)
   [PASS] UPI IDs: 1 (expected 1)
       -> user@ybl

[TEST] Phone should NOT be extracted as bank account
   Input: Contact 9876543210 for help
   [PASS] Phones: 1 (expected 1)
       -> +919876543210
   [PASS] Bank Accounts: 0 (expected 0)

============================================================
[FAIL] SOME TESTS FAILED!
============================================================

============================================================
TESTING PHONE NUMBER VALIDATION
============================================================
   [PASS] +919876543210: True (expected True) - Valid +91 format
   [PASS] 9876543210: True (expected True) - Valid 10 digits
   [PASS] 91-9876543210: True (expected True) - Valid with 91 prefix
   [PASS] 1234567890: False (expected False) - Invalid - starts with 1
   [PASS] 5555555555: False (expected False) - Invalid - starts with 5
   [PASS] 9876543: False (expected False) - Invalid - too short
   [PASS] 98765432101234: False (expected False) - Invalid - too long

============================================================
TESTING BANK ACCOUNT VALIDATION (vs Phone)
============================================================
   [PASS] 1234567890123 (13 digits): True (expected True) - Valid 13-digit account
   [PASS] 1234567890123456 (16 digits): True (expected True) - Valid 16-digit account
   [PASS] 123456789 (9 digits): True (expected True) - Valid 9-digit account
   [PASS] 9876543210 (10 digits): False (expected False) - INVALID - looks like phone number (starts with 9)
   [PASS] 6789012345 (10 digits): False (expected False) - INVALID - looks like phone number (starts with 6)
   [PASS] 1234567890 (10 digits): True (expected True) - Valid - 10 digits but starts with 1 (not phone)

============================================================
FINAL RESULTS:
============================================================
   [FAIL]: Extraction
   [PASS]: Phone Validation
   [PASS]: Bank Account Validation

============================================================
>>> SOME TESTS FAILED - NEEDS ATTENTION <<<
============================================================

